
  .   ____          _            __ _ _
 /\\ / ___'_ __ _ _(_)_ __  __ _ \ \ \ \
( ( )\___ | '_ | '_| | '_ \/ _` | \ \ \ \
 \\/  ___)| |_)| | | | | || (_| |  ) ) ) )
  '  |____| .__|_| |_|_| |_\__, | / / / /
 =========|_|==============|___/=/_/_/_/

 :: Spring Boot ::                (v4.1.1)

2026-10-06 20:00:54  INFO 19076 --- [           main] c.e.Proyecto1.Proyecto1Application       : Starting Proyecto1Application v0.0.1-SNAPSHOT using Java 27 with PID 19076 (C:\Users\cs023\OneDrive\Escritorio\U7\Progra Avanzada\Proyecto1\Proyecto1\target\Proyecto1-0.0.1-SNAPSHOT.jar started by cs023 in C:\Users\cs023\OneDrive\Escritorio\U7\Progra Avanzada\Proyecto1\Proyecto1)
2026-10-06 20:00:54 DEBUG 19076 --- [           main] c.e.Proyecto1.Proyecto1Application       : Running with Spring Boot v4.1.1, Spring v7.0.9
2026-10-06 20:00:54  INFO 19076 --- [           main] c.e.Proyecto1.Proyecto1Application       : The following 1 profile is active: "dev"
2026-10-06 20:00:55  WARN 19076 --- [           main] ConfigServletWebServerApplicationContext : Exception encountered during context initialization - cancelling refresh attempt: org.springframework.beans.factory.BeanDefinitionStoreException: Failed to process import candidates for configuration class [com.example.Proyecto1.Proyecto1Application]: Error processing condition on org.springframework.boot.tomcat.autoconfigure.actuate.web.server.TomcatServletManagementContextAutoConfiguration
2026-10-06 20:00:55  INFO 19076 --- [           main] .s.b.a.l.ConditionEvaluationReportLogger : 

Error starting ApplicationContext. To display the condition evaluation report re-run your application with 'debug' enabled.
2026-10-06 20:00:55 ERROR 19076 --- [           main] o.s.b.d.LoggingFailureAnalysisReporter   : 

***************************
APPLICATION FAILED TO START
***************************

Description:

Invalid value 'abc' for configuration property 'server.port' (originating from 'class path resource [application.properties] from Proyecto1-0.0.1-SNAPSHOT.jar - 25:13'). Validation failed for the following reason:

Failed to convert to type java.lang.Integer

Action:

Review the value of the property with the provided reason.

