
  .   ____          _            __ _ _
 /\\ / ___'_ __ _ _(_)_ __  __ _ \ \ \ \
( ( )\___ | '_ | '_| | '_ \/ _` | \ \ \ \
 \\/  ___)| |_)| | | | | || (_| |  ) ) ) )
  '  |____| .__|_| |_|_| |_\__, | / / / /
 =========|_|==============|___/=/_/_/_/

 :: Spring Boot ::                (v4.1.1)

2026-10-06 20:01:07  INFO 18660 --- [           main] c.e.Proyecto1.Proyecto1Application       : Starting Proyecto1Application v0.0.1-SNAPSHOT using Java 27 with PID 18660 (C:\Users\cs023\OneDrive\Escritorio\U7\Progra Avanzada\Proyecto1\Proyecto1\target\Proyecto1-0.0.1-SNAPSHOT.jar started by cs023 in C:\Users\cs023\OneDrive\Escritorio\U7\Progra Avanzada\Proyecto1\Proyecto1)
2026-10-06 20:01:07 DEBUG 18660 --- [           main] c.e.Proyecto1.Proyecto1Application       : Running with Spring Boot v4.1.1, Spring v7.0.9
2026-10-06 20:01:07  INFO 18660 --- [           main] c.e.Proyecto1.Proyecto1Application       : The following 1 profile is active: "dev"
2026-10-06 20:01:08  INFO 18660 --- [           main] .s.d.r.c.RepositoryConfigurationDelegate : Bootstrapping Spring Data JPA repositories in DEFAULT mode.
2026-10-06 20:01:09  INFO 18660 --- [           main] .s.d.r.c.RepositoryConfigurationDelegate : Finished Spring Data repository scanning in 19 ms. Found 0 JPA repository interfaces.
2026-10-06 20:01:10  INFO 18660 --- [           main] o.s.boot.tomcat.TomcatWebServer          : Tomcat initialized with port 8080 (http)
2026-10-06 20:01:10  INFO 18660 --- [           main] o.apache.catalina.core.StandardService   : Starting service [Tomcat]
2026-10-06 20:01:10  INFO 18660 --- [           main] o.apache.catalina.core.StandardEngine    : Starting Servlet engine: [Apache Tomcat/11.0.24]
2026-10-06 20:01:10  INFO 18660 --- [           main] b.w.c.s.WebApplicationContextInitializer : Root WebApplicationContext: initialization completed in 2514 ms
2026-10-06 20:01:10  INFO 18660 --- [           main] org.hibernate.orm.jpa                    : HHH008540: Processing PersistenceUnitInfo [name: default]
2026-10-06 20:01:10  INFO 18660 --- [           main] org.hibernate.orm.core                   : HHH000001: Hibernate ORM core version 7.4.5.Final
2026-10-06 20:01:12  INFO 18660 --- [           main] o.s.o.j.p.SpringPersistenceUnitInfo      : No LoadTimeWeaver setup: ignoring JPA class transformer
2026-10-06 20:01:12  INFO 18660 --- [           main] com.zaxxer.hikari.HikariDataSource       : HikariPool-1 - Starting...
2026-10-06 20:01:12  INFO 18660 --- [           main] com.zaxxer.hikari.pool.HikariPool        : HikariPool-1 - Added connection conn0: url=jdbc:h2:mem:inventario user=SA
2026-10-06 20:01:12  INFO 18660 --- [           main] com.zaxxer.hikari.HikariDataSource       : HikariPool-1 - Start completed.
2026-10-06 20:01:12  INFO 18660 --- [           main] org.hibernate.orm.connections.pooling    : HHH10001005: Database info:
	Database JDBC URL [jdbc:h2:mem:inventario]
	Database driver: H2 JDBC Driver
	Database dialect: H2Dialect
	Database version: 2.4.240
	Default catalog/schema: INVENTARIO/PUBLIC
	Autocommit mode: undefined/unknown
	Isolation level: READ_COMMITTED [default READ_COMMITTED]
	JDBC fetch size: 100
	Pool: DataSourceConnectionProvider
	Minimum pool size: undefined/unknown
	Maximum pool size: undefined/unknown
2026-10-06 20:01:13  INFO 18660 --- [           main] org.hibernate.orm.core                   : HHH000489: No JTA platform available (set 'hibernate.transaction.jta.platform' to enable JTA platform integration)
2026-10-06 20:01:13  INFO 18660 --- [           main] j.LocalContainerEntityManagerFactoryBean : Initialized JPA EntityManagerFactory for persistence unit 'default'
2026-10-06 20:01:13  WARN 18660 --- [           main] ConfigServletWebServerApplicationContext : Exception encountered during context initialization - cancelling refresh attempt: org.springframework.beans.factory.UnsatisfiedDependencyException: Error creating bean with name 'infoController' defined in URL [jar:nested:/C:/Users/cs023/OneDrive/Escritorio/U7/Progra%20Avanzada/Proyecto1/Proyecto1/target/Proyecto1-0.0.1-SNAPSHOT.jar/!BOOT-INF/classes/!/com/example/Proyecto1/controller/InfoController.class]: Unsatisfied dependency expressed through constructor parameter 0: No qualifying bean of type 'com.example.Proyecto1.config.AppInfoProperties' available: expected at least 1 bean which qualifies as autowire candidate. Dependency annotations: {}
2026-10-06 20:01:13  INFO 18660 --- [           main] j.LocalContainerEntityManagerFactoryBean : Closing JPA EntityManagerFactory for persistence unit 'default'
2026-10-06 20:01:13  INFO 18660 --- [           main] com.zaxxer.hikari.HikariDataSource       : HikariPool-1 - Shutdown initiated...
2026-10-06 20:01:13  INFO 18660 --- [           main] com.zaxxer.hikari.HikariDataSource       : HikariPool-1 - Shutdown completed.
2026-10-06 20:01:13  INFO 18660 --- [           main] o.apache.catalina.core.StandardService   : Stopping service [Tomcat]
2026-10-06 20:01:13  INFO 18660 --- [           main] .s.b.a.l.ConditionEvaluationReportLogger : 

Error starting ApplicationContext. To display the condition evaluation report re-run your application with 'debug' enabled.
2026-10-06 20:01:13 ERROR 18660 --- [           main] o.s.b.d.LoggingFailureAnalysisReporter   : 

***************************
APPLICATION FAILED TO START
***************************

Description:

Parameter 0 of constructor in com.example.Proyecto1.controller.InfoController required a bean of type 'com.example.Proyecto1.config.AppInfoProperties' that could not be found.


Action:

Consider defining a bean of type 'com.example.Proyecto1.config.AppInfoProperties' in your configuration.

