2026-10-06T12:03:24.693-05:00  INFO 22740 --- [restartedMain] c.e.Proyecto1.Proyecto1Application       : Starting Proyecto1Application using Java 27 with PID 22740 (C:\Users\cs023\OneDrive\Escritorio\U7\Progra Avanzada\Proyecto1\Proyecto1\target\classes started by cs023 in C:\Users\cs023\OneDrive\Escritorio\U7\Progra Avanzada\Proyecto1\Proyecto1)
2026-10-06T12:03:24.696-05:00 DEBUG 22740 --- [restartedMain] c.e.Proyecto1.Proyecto1Application       : Running with Spring Boot v4.1.1, Spring v7.0.9
2026-10-06T12:03:24.697-05:00  INFO 22740 --- [restartedMain] c.e.Proyecto1.Proyecto1Application       : No active profile set, falling back to 1 default profile: "default"
2026-10-06T12:03:24.745-05:00  INFO 22740 --- [restartedMain] .e.DevToolsPropertyDefaultsPostProcessor : Devtools property defaults active! Set 'spring.devtools.add-properties' to 'false' to disable
2026-10-06T12:03:24.746-05:00  INFO 22740 --- [restartedMain] .e.DevToolsPropertyDefaultsPostProcessor : For additional web related logging consider setting the 'logging.level.web' property to 'DEBUG'
2026-10-06T12:03:25.304-05:00  INFO 22740 --- [restartedMain] o.s.boot.tomcat.TomcatWebServer          : Tomcat initialized with port 8080 (http)
2026-10-06T12:03:25.314-05:00  INFO 22740 --- [restartedMain] o.apache.catalina.core.StandardService   : Starting service [Tomcat]
2026-10-06T12:03:25.314-05:00  INFO 22740 --- [restartedMain] o.apache.catalina.core.StandardEngine    : Starting Servlet engine: [Apache Tomcat/11.0.24]
2026-10-06T12:03:25.341-05:00  INFO 22740 --- [restartedMain] b.w.c.s.WebApplicationContextInitializer : Root WebApplicationContext: initialization completed in 595 ms
2026-10-06T12:03:25.591-05:00  INFO 22740 --- [restartedMain] o.s.boot.tomcat.TomcatWebServer          : Tomcat started on port 8080 (http) with context path '/api'
2026-10-06T12:03:25.596-05:00  INFO 22740 --- [restartedMain] c.e.Proyecto1.Proyecto1Application       : Started Proyecto1Application in 1.265 seconds (process running for 1.771)
2026-10-06T12:03:35.835-05:00  INFO 22740 --- [http-nio-8080-exec-1] o.a.c.c.C.[Tomcat].[localhost].[/api]    : Initializing Spring DispatcherServlet 'dispatcherServlet'
2026-10-06T12:03:35.836-05:00  INFO 22740 --- [http-nio-8080-exec-1] o.s.web.servlet.DispatcherServlet        : Initializing Servlet 'dispatcherServlet'
2026-10-06T12:03:35.839-05:00  INFO 22740 --- [http-nio-8080-exec-1] o.s.web.servlet.DispatcherServlet        : Completed initialization in 2 ms
2026-10-06T12:15:26.740-05:00  INFO 22740 --- [SpringApplicationShutdownHook] o.s.boot.tomcat.GracefulShutdown         : Commencing graceful shutdown. Waiting for active requests to complete
2026-10-06T12:15:26.746-05:00  INFO 22740 --- [tomcat-shutdown] o.s.boot.tomcat.GracefulShutdown         : Graceful shutdown complete
2026-10-06 19:59:05  INFO 28276 --- [main] c.e.P.controller.InfoControllerTest      : Starting InfoControllerTest using Java 27 with PID 28276 (started by cs023 in C:\Users\cs023\OneDrive\Escritorio\U7\Progra Avanzada\Proyecto1\Proyecto1)
2026-10-06 19:59:05 DEBUG 28276 --- [main] c.e.P.controller.InfoControllerTest      : Running with Spring Boot v4.1.1, Spring v7.0.9
2026-10-06 19:59:05  INFO 28276 --- [main] c.e.P.controller.InfoControllerTest      : The following 1 profile is active: "dev"
2026-10-06 19:59:07  INFO 28276 --- [main] o.s.b.t.m.w.SpringBootMockServletContext : Initializing Spring TestDispatcherServlet ''
2026-10-06 19:59:07  INFO 28276 --- [main] o.s.t.web.servlet.TestDispatcherServlet  : Initializing Servlet ''
2026-10-06 19:59:07  INFO 28276 --- [main] o.s.t.web.servlet.TestDispatcherServlet  : Completed initialization in 2 ms
2026-10-06 19:59:07  INFO 28276 --- [main] c.e.P.controller.InfoControllerTest      : Started InfoControllerTest in 2.71 seconds (process running for 4.594)
2026-10-06 19:59:09  INFO 28276 --- [main] t.c.s.AnnotationConfigContextLoaderUtils : Could not detect default configuration classes for test class [com.example.Proyecto1.Proyecto1ApplicationTests]: Proyecto1ApplicationTests does not declare any static, non-private, non-final, nested classes annotated with @Configuration.
2026-10-06 19:59:09  INFO 28276 --- [main] .b.t.c.SpringBootTestContextBootstrapper : Found @SpringBootConfiguration com.example.Proyecto1.Proyecto1Application for test class com.example.Proyecto1.Proyecto1ApplicationTests
2026-10-06 19:59:09  INFO 28276 --- [main] t.c.s.AnnotationConfigContextLoaderUtils : Could not detect default configuration classes for test class [com.example.Proyecto1.Proyecto1ApplicationTests]: Proyecto1ApplicationTests does not declare any static, non-private, non-final, nested classes annotated with @Configuration.
2026-10-06 19:59:09  INFO 28276 --- [main] .b.t.c.SpringBootTestContextBootstrapper : Found @SpringBootConfiguration com.example.Proyecto1.Proyecto1Application for test class com.example.Proyecto1.Proyecto1ApplicationTests
2026-10-06 19:59:09  INFO 28276 --- [main] o.s.b.d.r.RestartApplicationListener     : Restart disabled due to context in which it is running
2026-10-06 19:59:09  INFO 28276 --- [main] c.e.Proyecto1.Proyecto1ApplicationTests  : Starting Proyecto1ApplicationTests using Java 27 with PID 28276 (started by cs023 in C:\Users\cs023\OneDrive\Escritorio\U7\Progra Avanzada\Proyecto1\Proyecto1)
2026-10-06 19:59:09 DEBUG 28276 --- [main] c.e.Proyecto1.Proyecto1ApplicationTests  : Running with Spring Boot v4.1.1, Spring v7.0.9
2026-10-06 19:59:09  INFO 28276 --- [main] c.e.Proyecto1.Proyecto1ApplicationTests  : The following 1 profile is active: "dev"
2026-10-06 19:59:10  INFO 28276 --- [main] .s.d.r.c.RepositoryConfigurationDelegate : Bootstrapping Spring Data JPA repositories in DEFAULT mode.
2026-10-06 19:59:10  INFO 28276 --- [main] .s.d.r.c.RepositoryConfigurationDelegate : Finished Spring Data repository scanning in 15 ms. Found 0 JPA repository interfaces.
2026-10-06 19:59:10  INFO 28276 --- [main] org.hibernate.orm.jpa                    : HHH008540: Processing PersistenceUnitInfo [name: default]
2026-10-06 19:59:11  INFO 28276 --- [main] org.hibernate.orm.core                   : HHH000001: Hibernate ORM core version 7.4.5.Final
2026-10-06 19:59:11  INFO 28276 --- [main] o.s.o.j.p.SpringPersistenceUnitInfo      : No LoadTimeWeaver setup: ignoring JPA class transformer
2026-10-06 19:59:11  INFO 28276 --- [main] com.zaxxer.hikari.HikariDataSource       : HikariPool-1 - Starting...
2026-10-06 19:59:12  INFO 28276 --- [main] com.zaxxer.hikari.pool.HikariPool        : HikariPool-1 - Added connection conn0: url=jdbc:h2:mem:inventario user=SA
2026-10-06 19:59:12  INFO 28276 --- [main] com.zaxxer.hikari.HikariDataSource       : HikariPool-1 - Start completed.
2026-10-06 19:59:12  INFO 28276 --- [main] org.hibernate.orm.connections.pooling    : HHH10001005: Database info:
	Database JDBC URL [jdbc:h2:mem:inventario]
	Database driver: H2 JDBC Driver
	Database dialect: H2Dialect
	Database version: 2.4.240
	Default catalog/schema: INVENTARIO/PUBLIC
	Autocommit mode: undefined/unknown
	Isolation level: READ_COMMITTED [default READ_COMMITTED]
	JDBC fetch size: 100
	Pool: DataSourceConnectionProvider
	Minimum pool size: undefined/unknown
	Maximum pool size: undefined/unknown
2026-10-06 19:59:13  INFO 28276 --- [main] org.hibernate.orm.core                   : HHH000489: No JTA platform available (set 'hibernate.transaction.jta.platform' to enable JTA platform integration)
2026-10-06 19:59:13  INFO 28276 --- [main] j.LocalContainerEntityManagerFactoryBean : Initialized JPA EntityManagerFactory for persistence unit 'default'
2026-10-06 19:59:13  WARN 28276 --- [main] JpaBaseConfiguration$JpaWebConfiguration : spring.jpa.open-in-view is enabled by default. Therefore, database queries may be performed during view rendering. Explicitly configure spring.jpa.open-in-view to disable this warning
2026-10-06 19:59:14  INFO 28276 --- [main] o.s.b.a.e.web.EndpointLinksResolver      : Exposing 2 endpoints beneath base path '/actuator'
2026-10-06 19:59:14  INFO 28276 --- [main] c.e.Proyecto1.Proyecto1ApplicationTests  : Started Proyecto1ApplicationTests in 5.839 seconds (process running for 12.049)
2026-10-06 19:59:15  INFO 28276 --- [SpringApplicationShutdownHook] j.LocalContainerEntityManagerFactoryBean : Closing JPA EntityManagerFactory for persistence unit 'default'
2026-10-06 19:59:15  INFO 28276 --- [SpringApplicationShutdownHook] com.zaxxer.hikari.HikariDataSource       : HikariPool-1 - Shutdown initiated...
2026-10-06 19:59:15  INFO 28276 --- [SpringApplicationShutdownHook] com.zaxxer.hikari.HikariDataSource       : HikariPool-1 - Shutdown completed.
2026-10-06 19:59:42  INFO 31492 --- [main] c.e.Proyecto1.Proyecto1Application       : Starting Proyecto1Application v0.0.1-SNAPSHOT using Java 27 with PID 31492 (C:\Users\cs023\OneDrive\Escritorio\U7\Progra Avanzada\Proyecto1\Proyecto1\target\Proyecto1-0.0.1-SNAPSHOT.jar started by cs023 in C:\Users\cs023\OneDrive\Escritorio\U7\Progra Avanzada\Proyecto1\Proyecto1)
2026-10-06 19:59:42 DEBUG 31492 --- [main] c.e.Proyecto1.Proyecto1Application       : Running with Spring Boot v4.1.1, Spring v7.0.9
2026-10-06 19:59:42  INFO 31492 --- [main] c.e.Proyecto1.Proyecto1Application       : The following 1 profile is active: "dev"
2026-10-06 19:59:44  INFO 31492 --- [main] .s.d.r.c.RepositoryConfigurationDelegate : Bootstrapping Spring Data JPA repositories in DEFAULT mode.
2026-10-06 19:59:44  INFO 31492 --- [main] .s.d.r.c.RepositoryConfigurationDelegate : Finished Spring Data repository scanning in 33 ms. Found 0 JPA repository interfaces.
2026-10-06 19:59:45  INFO 31492 --- [main] o.s.boot.tomcat.TomcatWebServer          : Tomcat initialized with port 8080 (http)
2026-10-06 19:59:45  INFO 31492 --- [main] o.apache.catalina.core.StandardService   : Starting service [Tomcat]
2026-10-06 19:59:45  INFO 31492 --- [main] o.apache.catalina.core.StandardEngine    : Starting Servlet engine: [Apache Tomcat/11.0.24]
2026-10-06 19:59:45  INFO 31492 --- [main] b.w.c.s.WebApplicationContextInitializer : Root WebApplicationContext: initialization completed in 3379 ms
2026-10-06 19:59:46  INFO 31492 --- [main] org.hibernate.orm.jpa                    : HHH008540: Processing PersistenceUnitInfo [name: default]
2026-10-06 19:59:46  INFO 31492 --- [main] org.hibernate.orm.core                   : HHH000001: Hibernate ORM core version 7.4.5.Final
2026-10-06 19:59:47  INFO 31492 --- [main] o.s.o.j.p.SpringPersistenceUnitInfo      : No LoadTimeWeaver setup: ignoring JPA class transformer
2026-10-06 19:59:47  INFO 31492 --- [main] com.zaxxer.hikari.HikariDataSource       : HikariPool-1 - Starting...
2026-10-06 19:59:48  INFO 31492 --- [main] com.zaxxer.hikari.pool.HikariPool        : HikariPool-1 - Added connection conn0: url=jdbc:h2:mem:inventario user=SA
2026-10-06 19:59:48  INFO 31492 --- [main] com.zaxxer.hikari.HikariDataSource       : HikariPool-1 - Start completed.
2026-10-06 19:59:48  INFO 31492 --- [main] org.hibernate.orm.connections.pooling    : HHH10001005: Database info:
	Database JDBC URL [jdbc:h2:mem:inventario]
	Database driver: H2 JDBC Driver
	Database dialect: H2Dialect
	Database version: 2.4.240
	Default catalog/schema: INVENTARIO/PUBLIC
	Autocommit mode: undefined/unknown
	Isolation level: READ_COMMITTED [default READ_COMMITTED]
	JDBC fetch size: 100
	Pool: DataSourceConnectionProvider
	Minimum pool size: undefined/unknown
	Maximum pool size: undefined/unknown
2026-10-06 19:59:49  INFO 31492 --- [main] org.hibernate.orm.core                   : HHH000489: No JTA platform available (set 'hibernate.transaction.jta.platform' to enable JTA platform integration)
2026-10-06 19:59:49  INFO 31492 --- [main] j.LocalContainerEntityManagerFactoryBean : Initialized JPA EntityManagerFactory for persistence unit 'default'
2026-10-06 19:59:49  WARN 31492 --- [main] JpaBaseConfiguration$JpaWebConfiguration : spring.jpa.open-in-view is enabled by default. Therefore, database queries may be performed during view rendering. Explicitly configure spring.jpa.open-in-view to disable this warning
2026-10-06 19:59:50  INFO 31492 --- [main] o.s.b.a.e.web.EndpointLinksResolver      : Exposing 2 endpoints beneath base path '/actuator'
2026-10-06 19:59:50  INFO 31492 --- [main] o.s.boot.tomcat.TomcatWebServer          : Tomcat started on port 8080 (http) with context path '/'
2026-10-06 19:59:50  INFO 31492 --- [main] c.e.Proyecto1.Proyecto1Application       : Started Proyecto1Application in 9.169 seconds (process running for 10.143)
2026-10-06 19:59:51  INFO 31492 --- [http-nio-8080-exec-1] o.a.c.c.C.[Tomcat].[localhost].[/]       : Initializing Spring DispatcherServlet 'dispatcherServlet'
2026-10-06 19:59:51  INFO 31492 --- [http-nio-8080-exec-1] o.s.web.servlet.DispatcherServlet        : Initializing Servlet 'dispatcherServlet'
2026-10-06 19:59:51  INFO 31492 --- [http-nio-8080-exec-1] o.s.web.servlet.DispatcherServlet        : Completed initialization in 3 ms
2026-10-06 20:00:01  WARN 21608 --- [main] JpaBaseConfiguration$JpaWebConfiguration : spring.jpa.open-in-view is enabled by default. Therefore, database queries may be performed during view rendering. Explicitly configure spring.jpa.open-in-view to disable this warning
2026-10-06 20:00:16  INFO 13292 --- [main] c.e.Proyecto1.Proyecto1Application       : Starting Proyecto1Application v0.0.1-SNAPSHOT using Java 27 with PID 13292 (C:\Users\cs023\OneDrive\Escritorio\U7\Progra Avanzada\Proyecto1\Proyecto1\target\Proyecto1-0.0.1-SNAPSHOT.jar started by cs023 in C:\Users\cs023\OneDrive\Escritorio\U7\Progra Avanzada\Proyecto1\Proyecto1)
2026-10-06 20:00:16 DEBUG 13292 --- [main] c.e.Proyecto1.Proyecto1Application       : Running with Spring Boot v4.1.1, Spring v7.0.9
2026-10-06 20:00:16  INFO 13292 --- [main] c.e.Proyecto1.Proyecto1Application       : The following 1 profile is active: "dev"
2026-10-06 20:00:17  WARN 13292 --- [main] ConfigServletWebServerApplicationContext : Exception encountered during context initialization - cancelling refresh attempt: org.springframework.beans.factory.BeanDefinitionStoreException: Failed to process import candidates for configuration class [com.example.Proyecto1.Proyecto1Application]: Error processing condition on org.springframework.boot.tomcat.autoconfigure.actuate.web.server.TomcatServletManagementContextAutoConfiguration
2026-10-06 20:00:17  INFO 13292 --- [main] .s.b.a.l.ConditionEvaluationReportLogger : 

Error starting ApplicationContext. To display the condition evaluation report re-run your application with 'debug' enabled.
2026-10-06 20:00:17 ERROR 13292 --- [main] o.s.b.d.LoggingFailureAnalysisReporter   : 

***************************
APPLICATION FAILED TO START
***************************

Description:

Invalid value 'abc' for configuration property 'server.port' (originating from '"server.port" from property source "commandLineArgs"'). Validation failed for the following reason:

Failed to convert to type java.lang.Integer

Additionally, this property is also set in the following property source:

	- In 'Config resource 'class path resource [application.properties]' via location 'optional:classpath:/'' with the value '8080' (originating from 'class path resource [application.properties] from Proyecto1-0.0.1-SNAPSHOT.jar - 25:13').


Action:

Review the value of the property with the provided reason.

2026-10-06 20:00:19  INFO 30648 --- [main] c.e.Proyecto1.Proyecto1Application       : Starting Proyecto1Application v0.0.1-SNAPSHOT using Java 27 with PID 30648 (C:\Users\cs023\OneDrive\Escritorio\U7\Progra Avanzada\Proyecto1\Proyecto1\target\Proyecto1-0.0.1-SNAPSHOT.jar started by cs023 in C:\Users\cs023\OneDrive\Escritorio\U7\Progra Avanzada\Proyecto1\Proyecto1)
2026-10-06 20:00:19 DEBUG 30648 --- [main] c.e.Proyecto1.Proyecto1Application       : Running with Spring Boot v4.1.1, Spring v7.0.9
2026-10-06 20:00:19  INFO 30648 --- [main] c.e.Proyecto1.Proyecto1Application       : The following 1 profile is active: "dev"
2026-10-06 20:00:20  INFO 30648 --- [main] .s.d.r.c.RepositoryConfigurationDelegate : Bootstrapping Spring Data JPA repositories in DEFAULT mode.
2026-10-06 20:00:20  INFO 30648 --- [main] .s.d.r.c.RepositoryConfigurationDelegate : Finished Spring Data repository scanning in 15 ms. Found 0 JPA repository interfaces.
2026-10-06 20:00:21  INFO 30648 --- [main] o.s.boot.tomcat.TomcatWebServer          : Tomcat initialized with port 8080 (http)
2026-10-06 20:00:21  INFO 30648 --- [main] o.apache.catalina.core.StandardService   : Starting service [Tomcat]
2026-10-06 20:00:21  INFO 30648 --- [main] o.apache.catalina.core.StandardEngine    : Starting Servlet engine: [Apache Tomcat/11.0.24]
2026-10-06 20:00:21  INFO 30648 --- [main] b.w.c.s.WebApplicationContextInitializer : Root WebApplicationContext: initialization completed in 2450 ms
2026-10-06 20:00:22  INFO 30648 --- [main] org.hibernate.orm.jpa                    : HHH008540: Processing PersistenceUnitInfo [name: default]
2026-10-06 20:00:22  INFO 30648 --- [main] org.hibernate.orm.core                   : HHH000001: Hibernate ORM core version 7.4.5.Final
2026-10-06 20:00:23  INFO 30648 --- [main] o.s.o.j.p.SpringPersistenceUnitInfo      : No LoadTimeWeaver setup: ignoring JPA class transformer
2026-10-06 20:00:24  INFO 30648 --- [main] com.zaxxer.hikari.HikariDataSource       : HikariPool-1 - Starting...
2026-10-06 20:00:24  INFO 30648 --- [main] com.zaxxer.hikari.pool.HikariPool        : HikariPool-1 - Added connection conn0: url=jdbc:h2:mem:inventario user=SA
2026-10-06 20:00:24  INFO 30648 --- [main] com.zaxxer.hikari.HikariDataSource       : HikariPool-1 - Start completed.
2026-10-06 20:00:24  INFO 30648 --- [main] org.hibernate.orm.connections.pooling    : HHH10001005: Database info:
	Database JDBC URL [jdbc:h2:mem:inventario]
	Database driver: H2 JDBC Driver
	Database dialect: H2Dialect
	Database version: 2.4.240
	Default catalog/schema: INVENTARIO/PUBLIC
	Autocommit mode: undefined/unknown
	Isolation level: READ_COMMITTED [default READ_COMMITTED]
	JDBC fetch size: 100
	Pool: DataSourceConnectionProvider
	Minimum pool size: undefined/unknown
	Maximum pool size: undefined/unknown
2026-10-06 20:00:25  INFO 30648 --- [main] org.hibernate.orm.core                   : HHH000489: No JTA platform available (set 'hibernate.transaction.jta.platform' to enable JTA platform integration)
2026-10-06 20:00:25  INFO 30648 --- [main] j.LocalContainerEntityManagerFactoryBean : Initialized JPA EntityManagerFactory for persistence unit 'default'
2026-10-06 20:00:25  WARN 30648 --- [main] ConfigServletWebServerApplicationContext : Exception encountered during context initialization - cancelling refresh attempt: org.springframework.boot.context.properties.ConfigurationPropertiesBindException: Error creating bean with name 'appInfoProperties': Could not bind properties to 'AppInfoProperties' : prefix=app.info, ignoreInvalidFields=false, ignoreUnknownFields=true
2026-10-06 20:00:25  INFO 30648 --- [main] j.LocalContainerEntityManagerFactoryBean : Closing JPA EntityManagerFactory for persistence unit 'default'
2026-10-06 20:00:25  INFO 30648 --- [main] com.zaxxer.hikari.HikariDataSource       : HikariPool-1 - Shutdown initiated...
2026-10-06 20:00:25  INFO 30648 --- [main] com.zaxxer.hikari.HikariDataSource       : HikariPool-1 - Shutdown completed.
2026-10-06 20:00:25  INFO 30648 --- [main] o.apache.catalina.core.StandardService   : Stopping service [Tomcat]
2026-10-06 20:00:25  INFO 30648 --- [main] .s.b.a.l.ConditionEvaluationReportLogger : 

Error starting ApplicationContext. To display the condition evaluation report re-run your application with 'debug' enabled.
2026-10-06 20:00:25 ERROR 30648 --- [main] o.s.b.d.LoggingFailureAnalysisReporter   : 

***************************
APPLICATION FAILED TO START
***************************

Description:

Binding to target com.example.Proyecto1.config.AppInfoProperties failed:

    Property: app.info.developer.email
    Value: "correo-invalido"
    Reason: debe ser una dirección de correo electrónico con formato correcto


Action:

Update your application's configuration

2026-10-06 20:00:27  INFO 8096 --- [main] c.e.Proyecto1.Proyecto1Application       : Starting Proyecto1Application v0.0.1-SNAPSHOT using Java 27 with PID 8096 (C:\Users\cs023\OneDrive\Escritorio\U7\Progra Avanzada\Proyecto1\Proyecto1\target\Proyecto1-0.0.1-SNAPSHOT.jar started by cs023 in C:\Users\cs023\OneDrive\Escritorio\U7\Progra Avanzada\Proyecto1\Proyecto1)
2026-10-06 20:00:27 DEBUG 8096 --- [main] c.e.Proyecto1.Proyecto1Application       : Running with Spring Boot v4.1.1, Spring v7.0.9
2026-10-06 20:00:27  INFO 8096 --- [main] c.e.Proyecto1.Proyecto1Application       : The following 1 profile is active: "dev"
2026-10-06 20:00:28  INFO 8096 --- [main] .s.d.r.c.RepositoryConfigurationDelegate : Bootstrapping Spring Data JPA repositories in DEFAULT mode.
2026-10-06 20:00:28  INFO 8096 --- [main] .s.d.r.c.RepositoryConfigurationDelegate : Finished Spring Data repository scanning in 18 ms. Found 0 JPA repository interfaces.
2026-10-06 20:00:30  INFO 8096 --- [main] o.s.boot.tomcat.TomcatWebServer          : Tomcat initialized with port 8080 (http)
2026-10-06 20:00:30  INFO 8096 --- [main] o.apache.catalina.core.StandardService   : Starting service [Tomcat]
2026-10-06 20:00:30  INFO 8096 --- [main] o.apache.catalina.core.StandardEngine    : Starting Servlet engine: [Apache Tomcat/11.0.24]
2026-10-06 20:00:30  INFO 8096 --- [main] b.w.c.s.WebApplicationContextInitializer : Root WebApplicationContext: initialization completed in 2502 ms
2026-10-06 20:00:30  INFO 8096 --- [main] org.hibernate.orm.jpa                    : HHH008540: Processing PersistenceUnitInfo [name: default]
2026-10-06 20:00:30  INFO 8096 --- [main] org.hibernate.orm.core                   : HHH000001: Hibernate ORM core version 7.4.5.Final
2026-10-06 20:00:32  INFO 8096 --- [main] o.s.o.j.p.SpringPersistenceUnitInfo      : No LoadTimeWeaver setup: ignoring JPA class transformer
2026-10-06 20:00:32  INFO 8096 --- [main] com.zaxxer.hikari.HikariDataSource       : HikariPool-1 - Starting...
2026-10-06 20:00:32  INFO 8096 --- [main] com.zaxxer.hikari.pool.HikariPool        : HikariPool-1 - Added connection conn0: url=jdbc:h2:mem:inventario user=SA
2026-10-06 20:00:32  INFO 8096 --- [main] com.zaxxer.hikari.HikariDataSource       : HikariPool-1 - Start completed.
2026-10-06 20:00:32  INFO 8096 --- [main] org.hibernate.orm.connections.pooling    : HHH10001005: Database info:
	Database JDBC URL [jdbc:h2:mem:inventario]
	Database driver: H2 JDBC Driver
	Database dialect: H2Dialect
	Database version: 2.4.240
	Default catalog/schema: INVENTARIO/PUBLIC
	Autocommit mode: undefined/unknown
	Isolation level: READ_COMMITTED [default READ_COMMITTED]
	JDBC fetch size: 100
	Pool: DataSourceConnectionProvider
	Minimum pool size: undefined/unknown
	Maximum pool size: undefined/unknown
2026-10-06 20:00:33  INFO 8096 --- [main] org.hibernate.orm.core                   : HHH000489: No JTA platform available (set 'hibernate.transaction.jta.platform' to enable JTA platform integration)
2026-10-06 20:00:33  INFO 8096 --- [main] j.LocalContainerEntityManagerFactoryBean : Initialized JPA EntityManagerFactory for persistence unit 'default'
2026-10-06 20:00:33  WARN 8096 --- [main] ConfigServletWebServerApplicationContext : Exception encountered during context initialization - cancelling refresh attempt: org.springframework.boot.context.properties.ConfigurationPropertiesBindException: Error creating bean with name 'appInfoProperties': Could not bind properties to 'AppInfoProperties' : prefix=app.info, ignoreInvalidFields=false, ignoreUnknownFields=true
2026-10-06 20:00:33  INFO 8096 --- [main] j.LocalContainerEntityManagerFactoryBean : Closing JPA EntityManagerFactory for persistence unit 'default'
2026-10-06 20:00:33  INFO 8096 --- [main] com.zaxxer.hikari.HikariDataSource       : HikariPool-1 - Shutdown initiated...
2026-10-06 20:00:33  INFO 8096 --- [main] com.zaxxer.hikari.HikariDataSource       : HikariPool-1 - Shutdown completed.
2026-10-06 20:00:33  INFO 8096 --- [main] o.apache.catalina.core.StandardService   : Stopping service [Tomcat]
2026-10-06 20:00:33  INFO 8096 --- [main] .s.b.a.l.ConditionEvaluationReportLogger : 

Error starting ApplicationContext. To display the condition evaluation report re-run your application with 'debug' enabled.
2026-10-06 20:00:33 ERROR 8096 --- [main] o.s.b.d.LoggingFailureAnalysisReporter   : 

***************************
APPLICATION FAILED TO START
***************************

Description:

Binding to target com.example.Proyecto1.config.AppInfoProperties failed:

    Property: app.info.version
    Value: "uno"
    Origin: "app.info.version" from property source "commandLineArgs"
    Reason: la version debe tener formato X.Y.Z


Action:

Update your application's configuration

2026-10-06 20:00:54  INFO 19076 --- [main] c.e.Proyecto1.Proyecto1Application       : Starting Proyecto1Application v0.0.1-SNAPSHOT using Java 27 with PID 19076 (C:\Users\cs023\OneDrive\Escritorio\U7\Progra Avanzada\Proyecto1\Proyecto1\target\Proyecto1-0.0.1-SNAPSHOT.jar started by cs023 in C:\Users\cs023\OneDrive\Escritorio\U7\Progra Avanzada\Proyecto1\Proyecto1)
2026-10-06 20:00:54 DEBUG 19076 --- [main] c.e.Proyecto1.Proyecto1Application       : Running with Spring Boot v4.1.1, Spring v7.0.9
2026-10-06 20:00:54  INFO 19076 --- [main] c.e.Proyecto1.Proyecto1Application       : The following 1 profile is active: "dev"
2026-10-06 20:00:55  WARN 19076 --- [main] ConfigServletWebServerApplicationContext : Exception encountered during context initialization - cancelling refresh attempt: org.springframework.beans.factory.BeanDefinitionStoreException: Failed to process import candidates for configuration class [com.example.Proyecto1.Proyecto1Application]: Error processing condition on org.springframework.boot.tomcat.autoconfigure.actuate.web.server.TomcatServletManagementContextAutoConfiguration
2026-10-06 20:00:55  INFO 19076 --- [main] .s.b.a.l.ConditionEvaluationReportLogger : 

Error starting ApplicationContext. To display the condition evaluation report re-run your application with 'debug' enabled.
2026-10-06 20:00:55 ERROR 19076 --- [main] o.s.b.d.LoggingFailureAnalysisReporter   : 

***************************
APPLICATION FAILED TO START
***************************

Description:

Invalid value 'abc' for configuration property 'server.port' (originating from 'class path resource [application.properties] from Proyecto1-0.0.1-SNAPSHOT.jar - 25:13'). Validation failed for the following reason:

Failed to convert to type java.lang.Integer

Action:

Review the value of the property with the provided reason.

2026-10-06 20:01:07  INFO 18660 --- [main] c.e.Proyecto1.Proyecto1Application       : Starting Proyecto1Application v0.0.1-SNAPSHOT using Java 27 with PID 18660 (C:\Users\cs023\OneDrive\Escritorio\U7\Progra Avanzada\Proyecto1\Proyecto1\target\Proyecto1-0.0.1-SNAPSHOT.jar started by cs023 in C:\Users\cs023\OneDrive\Escritorio\U7\Progra Avanzada\Proyecto1\Proyecto1)
2026-10-06 20:01:07 DEBUG 18660 --- [main] c.e.Proyecto1.Proyecto1Application       : Running with Spring Boot v4.1.1, Spring v7.0.9
2026-10-06 20:01:07  INFO 18660 --- [main] c.e.Proyecto1.Proyecto1Application       : The following 1 profile is active: "dev"
2026-10-06 20:01:08  INFO 18660 --- [main] .s.d.r.c.RepositoryConfigurationDelegate : Bootstrapping Spring Data JPA repositories in DEFAULT mode.
2026-10-06 20:01:09  INFO 18660 --- [main] .s.d.r.c.RepositoryConfigurationDelegate : Finished Spring Data repository scanning in 19 ms. Found 0 JPA repository interfaces.
2026-10-06 20:01:10  INFO 18660 --- [main] o.s.boot.tomcat.TomcatWebServer          : Tomcat initialized with port 8080 (http)
2026-10-06 20:01:10  INFO 18660 --- [main] o.apache.catalina.core.StandardService   : Starting service [Tomcat]
2026-10-06 20:01:10  INFO 18660 --- [main] o.apache.catalina.core.StandardEngine    : Starting Servlet engine: [Apache Tomcat/11.0.24]
2026-10-06 20:01:10  INFO 18660 --- [main] b.w.c.s.WebApplicationContextInitializer : Root WebApplicationContext: initialization completed in 2514 ms
2026-10-06 20:01:10  INFO 18660 --- [main] org.hibernate.orm.jpa                    : HHH008540: Processing PersistenceUnitInfo [name: default]
2026-10-06 20:01:10  INFO 18660 --- [main] org.hibernate.orm.core                   : HHH000001: Hibernate ORM core version 7.4.5.Final
2026-10-06 20:01:12  INFO 18660 --- [main] o.s.o.j.p.SpringPersistenceUnitInfo      : No LoadTimeWeaver setup: ignoring JPA class transformer
2026-10-06 20:01:12  INFO 18660 --- [main] com.zaxxer.hikari.HikariDataSource       : HikariPool-1 - Starting...
2026-10-06 20:01:12  INFO 18660 --- [main] com.zaxxer.hikari.pool.HikariPool        : HikariPool-1 - Added connection conn0: url=jdbc:h2:mem:inventario user=SA
2026-10-06 20:01:12  INFO 18660 --- [main] com.zaxxer.hikari.HikariDataSource       : HikariPool-1 - Start completed.
2026-10-06 20:01:12  INFO 18660 --- [main] org.hibernate.orm.connections.pooling    : HHH10001005: Database info:
	Database JDBC URL [jdbc:h2:mem:inventario]
	Database driver: H2 JDBC Driver
	Database dialect: H2Dialect
	Database version: 2.4.240
	Default catalog/schema: INVENTARIO/PUBLIC
	Autocommit mode: undefined/unknown
	Isolation level: READ_COMMITTED [default READ_COMMITTED]
	JDBC fetch size: 100
	Pool: DataSourceConnectionProvider
	Minimum pool size: undefined/unknown
	Maximum pool size: undefined/unknown
2026-10-06 20:01:13  INFO 18660 --- [main] org.hibernate.orm.core                   : HHH000489: No JTA platform available (set 'hibernate.transaction.jta.platform' to enable JTA platform integration)
2026-10-06 20:01:13  INFO 18660 --- [main] j.LocalContainerEntityManagerFactoryBean : Initialized JPA EntityManagerFactory for persistence unit 'default'
2026-10-06 20:01:13  WARN 18660 --- [main] ConfigServletWebServerApplicationContext : Exception encountered during context initialization - cancelling refresh attempt: org.springframework.beans.factory.UnsatisfiedDependencyException: Error creating bean with name 'infoController' defined in URL [jar:nested:/C:/Users/cs023/OneDrive/Escritorio/U7/Progra%20Avanzada/Proyecto1/Proyecto1/target/Proyecto1-0.0.1-SNAPSHOT.jar/!BOOT-INF/classes/!/com/example/Proyecto1/controller/InfoController.class]: Unsatisfied dependency expressed through constructor parameter 0: No qualifying bean of type 'com.example.Proyecto1.config.AppInfoProperties' available: expected at least 1 bean which qualifies as autowire candidate. Dependency annotations: {}
2026-10-06 20:01:13  INFO 18660 --- [main] j.LocalContainerEntityManagerFactoryBean : Closing JPA EntityManagerFactory for persistence unit 'default'
2026-10-06 20:01:13  INFO 18660 --- [main] com.zaxxer.hikari.HikariDataSource       : HikariPool-1 - Shutdown initiated...
2026-10-06 20:01:13  INFO 18660 --- [main] com.zaxxer.hikari.HikariDataSource       : HikariPool-1 - Shutdown completed.
2026-10-06 20:01:13  INFO 18660 --- [main] o.apache.catalina.core.StandardService   : Stopping service [Tomcat]
2026-10-06 20:01:13  INFO 18660 --- [main] .s.b.a.l.ConditionEvaluationReportLogger : 

Error starting ApplicationContext. To display the condition evaluation report re-run your application with 'debug' enabled.
2026-10-06 20:01:13 ERROR 18660 --- [main] o.s.b.d.LoggingFailureAnalysisReporter   : 

***************************
APPLICATION FAILED TO START
***************************

Description:

Parameter 0 of constructor in com.example.Proyecto1.controller.InfoController required a bean of type 'com.example.Proyecto1.config.AppInfoProperties' that could not be found.


Action:

Consider defining a bean of type 'com.example.Proyecto1.config.AppInfoProperties' in your configuration.

2026-10-06 20:02:23  INFO 26684 --- [main] c.e.P.controller.InfoControllerTest      : Starting InfoControllerTest using Java 27 with PID 26684 (started by cs023 in C:\Users\cs023\OneDrive\Escritorio\U7\Progra Avanzada\Proyecto1\Proyecto1)
2026-10-06 20:02:23 DEBUG 26684 --- [main] c.e.P.controller.InfoControllerTest      : Running with Spring Boot v4.1.1, Spring v7.0.9
2026-10-06 20:02:23  INFO 26684 --- [main] c.e.P.controller.InfoControllerTest      : The following 1 profile is active: "dev"
2026-10-06 20:02:25  INFO 26684 --- [main] o.s.b.t.m.w.SpringBootMockServletContext : Initializing Spring TestDispatcherServlet ''
2026-10-06 20:02:25  INFO 26684 --- [main] o.s.t.web.servlet.TestDispatcherServlet  : Initializing Servlet ''
2026-10-06 20:02:25  INFO 26684 --- [main] o.s.t.web.servlet.TestDispatcherServlet  : Completed initialization in 3 ms
2026-10-06 20:02:25  INFO 26684 --- [main] c.e.P.controller.InfoControllerTest      : Started InfoControllerTest in 2.397 seconds (process running for 4.065)
2026-10-06 20:02:26  INFO 26684 --- [main] t.c.s.AnnotationConfigContextLoaderUtils : Could not detect default configuration classes for test class [com.example.Proyecto1.Proyecto1ApplicationTests]: Proyecto1ApplicationTests does not declare any static, non-private, non-final, nested classes annotated with @Configuration.
2026-10-06 20:02:26  INFO 26684 --- [main] .b.t.c.SpringBootTestContextBootstrapper : Found @SpringBootConfiguration com.example.Proyecto1.Proyecto1Application for test class com.example.Proyecto1.Proyecto1ApplicationTests
2026-10-06 20:02:26  INFO 26684 --- [main] t.c.s.AnnotationConfigContextLoaderUtils : Could not detect default configuration classes for test class [com.example.Proyecto1.Proyecto1ApplicationTests]: Proyecto1ApplicationTests does not declare any static, non-private, non-final, nested classes annotated with @Configuration.
2026-10-06 20:02:26  INFO 26684 --- [main] .b.t.c.SpringBootTestContextBootstrapper : Found @SpringBootConfiguration com.example.Proyecto1.Proyecto1Application for test class com.example.Proyecto1.Proyecto1ApplicationTests
2026-10-06 20:02:26  INFO 26684 --- [main] o.s.b.d.r.RestartApplicationListener     : Restart disabled due to context in which it is running
2026-10-06 20:02:26  INFO 26684 --- [main] c.e.Proyecto1.Proyecto1ApplicationTests  : Starting Proyecto1ApplicationTests using Java 27 with PID 26684 (started by cs023 in C:\Users\cs023\OneDrive\Escritorio\U7\Progra Avanzada\Proyecto1\Proyecto1)
2026-10-06 20:02:26 DEBUG 26684 --- [main] c.e.Proyecto1.Proyecto1ApplicationTests  : Running with Spring Boot v4.1.1, Spring v7.0.9
2026-10-06 20:02:26  INFO 26684 --- [main] c.e.Proyecto1.Proyecto1ApplicationTests  : The following 1 profile is active: "dev"
2026-10-06 20:02:27  INFO 26684 --- [main] .s.d.r.c.RepositoryConfigurationDelegate : Bootstrapping Spring Data JPA repositories in DEFAULT mode.
2026-10-06 20:02:27  INFO 26684 --- [main] .s.d.r.c.RepositoryConfigurationDelegate : Finished Spring Data repository scanning in 16 ms. Found 0 JPA repository interfaces.
2026-10-06 20:02:28  INFO 26684 --- [main] org.hibernate.orm.jpa                    : HHH008540: Processing PersistenceUnitInfo [name: default]
2026-10-06 20:02:28  INFO 26684 --- [main] org.hibernate.orm.core                   : HHH000001: Hibernate ORM core version 7.4.5.Final
2026-10-06 20:02:28  INFO 26684 --- [main] o.s.o.j.p.SpringPersistenceUnitInfo      : No LoadTimeWeaver setup: ignoring JPA class transformer
2026-10-06 20:02:28  INFO 26684 --- [main] com.zaxxer.hikari.HikariDataSource       : HikariPool-1 - Starting...
2026-10-06 20:02:29  INFO 26684 --- [main] com.zaxxer.hikari.pool.HikariPool        : HikariPool-1 - Added connection conn0: url=jdbc:h2:mem:inventario user=SA
2026-10-06 20:02:29  INFO 26684 --- [main] com.zaxxer.hikari.HikariDataSource       : HikariPool-1 - Start completed.
2026-10-06 20:02:29  INFO 26684 --- [main] org.hibernate.orm.connections.pooling    : HHH10001005: Database info:
	Database JDBC URL [jdbc:h2:mem:inventario]
	Database driver: H2 JDBC Driver
	Database dialect: H2Dialect
	Database version: 2.4.240
	Default catalog/schema: INVENTARIO/PUBLIC
	Autocommit mode: undefined/unknown
	Isolation level: READ_COMMITTED [default READ_COMMITTED]
	JDBC fetch size: 100
	Pool: DataSourceConnectionProvider
	Minimum pool size: undefined/unknown
	Maximum pool size: undefined/unknown
2026-10-06 20:02:30  INFO 26684 --- [main] org.hibernate.orm.core                   : HHH000489: No JTA platform available (set 'hibernate.transaction.jta.platform' to enable JTA platform integration)
2026-10-06 20:02:30  INFO 26684 --- [main] j.LocalContainerEntityManagerFactoryBean : Initialized JPA EntityManagerFactory for persistence unit 'default'
2026-10-06 20:02:30  WARN 26684 --- [main] JpaBaseConfiguration$JpaWebConfiguration : spring.jpa.open-in-view is enabled by default. Therefore, database queries may be performed during view rendering. Explicitly configure spring.jpa.open-in-view to disable this warning
2026-10-06 20:02:31  INFO 26684 --- [main] o.s.b.a.e.web.EndpointLinksResolver      : Exposing 2 endpoints beneath base path '/actuator'
2026-10-06 20:02:31  INFO 26684 --- [main] c.e.Proyecto1.Proyecto1ApplicationTests  : Started Proyecto1ApplicationTests in 4.715 seconds (process running for 10.19)
2026-10-06 20:02:31  INFO 26684 --- [SpringApplicationShutdownHook] j.LocalContainerEntityManagerFactoryBean : Closing JPA EntityManagerFactory for persistence unit 'default'
2026-10-06 20:02:31  INFO 26684 --- [SpringApplicationShutdownHook] com.zaxxer.hikari.HikariDataSource       : HikariPool-1 - Shutdown initiated...
2026-10-06 20:02:31  INFO 26684 --- [SpringApplicationShutdownHook] com.zaxxer.hikari.HikariDataSource       : HikariPool-1 - Shutdown completed.
2026-10-06 20:02:40  INFO 12532 --- [main] c.e.Proyecto1.Proyecto1Application       : Starting Proyecto1Application v0.0.1-SNAPSHOT using Java 27 with PID 12532 (C:\Users\cs023\OneDrive\Escritorio\U7\Progra Avanzada\Proyecto1\Proyecto1\target\Proyecto1-0.0.1-SNAPSHOT.jar started by cs023 in C:\Users\cs023\OneDrive\Escritorio\U7\Progra Avanzada\Proyecto1\Proyecto1)
2026-10-06 20:02:40 DEBUG 12532 --- [main] c.e.Proyecto1.Proyecto1Application       : Running with Spring Boot v4.1.1, Spring v7.0.9
2026-10-06 20:02:40  INFO 12532 --- [main] c.e.Proyecto1.Proyecto1Application       : The following 1 profile is active: "dev"
2026-10-06 20:02:41  INFO 12532 --- [main] .s.d.r.c.RepositoryConfigurationDelegate : Bootstrapping Spring Data JPA repositories in DEFAULT mode.
2026-10-06 20:02:41  INFO 12532 --- [main] .s.d.r.c.RepositoryConfigurationDelegate : Finished Spring Data repository scanning in 11 ms. Found 0 JPA repository interfaces.
2026-10-06 20:02:42  INFO 12532 --- [main] o.s.boot.tomcat.TomcatWebServer          : Tomcat initialized with port 8080 (http)
2026-10-06 20:02:42  INFO 12532 --- [main] o.apache.catalina.core.StandardService   : Starting service [Tomcat]
2026-10-06 20:02:42  INFO 12532 --- [main] o.apache.catalina.core.StandardEngine    : Starting Servlet engine: [Apache Tomcat/11.0.24]
2026-10-06 20:02:42  INFO 12532 --- [main] b.w.c.s.WebApplicationContextInitializer : Root WebApplicationContext: initialization completed in 2245 ms
2026-10-06 20:02:43  INFO 12532 --- [main] org.hibernate.orm.jpa                    : HHH008540: Processing PersistenceUnitInfo [name: default]
2026-10-06 20:02:43  INFO 12532 --- [main] org.hibernate.orm.core                   : HHH000001: Hibernate ORM core version 7.4.5.Final
2026-10-06 20:02:44  INFO 12532 --- [main] o.s.o.j.p.SpringPersistenceUnitInfo      : No LoadTimeWeaver setup: ignoring JPA class transformer
2026-10-06 20:02:44  INFO 12532 --- [main] com.zaxxer.hikari.HikariDataSource       : HikariPool-1 - Starting...
2026-10-06 20:02:44  INFO 12532 --- [main] com.zaxxer.hikari.pool.HikariPool        : HikariPool-1 - Added connection conn0: url=jdbc:h2:mem:inventario user=SA
2026-10-06 20:02:44  INFO 12532 --- [main] com.zaxxer.hikari.HikariDataSource       : HikariPool-1 - Start completed.
2026-10-06 20:02:44  INFO 12532 --- [main] org.hibernate.orm.connections.pooling    : HHH10001005: Database info:
	Database JDBC URL [jdbc:h2:mem:inventario]
	Database driver: H2 JDBC Driver
	Database dialect: H2Dialect
	Database version: 2.4.240
	Default catalog/schema: INVENTARIO/PUBLIC
	Autocommit mode: undefined/unknown
	Isolation level: READ_COMMITTED [default READ_COMMITTED]
	JDBC fetch size: 100
	Pool: DataSourceConnectionProvider
	Minimum pool size: undefined/unknown
	Maximum pool size: undefined/unknown
2026-10-06 20:02:45  INFO 12532 --- [main] org.hibernate.orm.core                   : HHH000489: No JTA platform available (set 'hibernate.transaction.jta.platform' to enable JTA platform integration)
2026-10-06 20:02:45  INFO 12532 --- [main] j.LocalContainerEntityManagerFactoryBean : Initialized JPA EntityManagerFactory for persistence unit 'default'
2026-10-06 20:02:45  WARN 12532 --- [main] JpaBaseConfiguration$JpaWebConfiguration : spring.jpa.open-in-view is enabled by default. Therefore, database queries may be performed during view rendering. Explicitly configure spring.jpa.open-in-view to disable this warning
2026-10-06 20:02:46  INFO 12532 --- [main] o.s.b.a.e.web.EndpointLinksResolver      : Exposing 2 endpoints beneath base path '/actuator'
2026-10-06 20:02:46  INFO 12532 --- [main] o.s.boot.tomcat.TomcatWebServer          : Tomcat started on port 8080 (http) with context path '/'
2026-10-06 20:02:46  INFO 12532 --- [main] c.e.Proyecto1.Proyecto1Application       : Started Proyecto1Application in 7.528 seconds (process running for 8.483)
2026-10-06 20:02:46  INFO 12532 --- [http-nio-8080-exec-5] o.a.c.c.C.[Tomcat].[localhost].[/]       : Initializing Spring DispatcherServlet 'dispatcherServlet'
2026-10-06 20:02:46  INFO 12532 --- [http-nio-8080-exec-5] o.s.web.servlet.DispatcherServlet        : Initializing Servlet 'dispatcherServlet'
2026-10-06 20:02:46  INFO 12532 --- [http-nio-8080-exec-5] o.s.web.servlet.DispatcherServlet        : Completed initialization in 4 ms
2026-10-06 20:02:56  WARN 15596 --- [main] JpaBaseConfiguration$JpaWebConfiguration : spring.jpa.open-in-view is enabled by default. Therefore, database queries may be performed during view rendering. Explicitly configure spring.jpa.open-in-view to disable this warning
2026-10-06 20:03:08  INFO 16304 --- [main] c.e.Proyecto1.Proyecto1Application       : Starting Proyecto1Application v0.0.1-SNAPSHOT using Java 27 with PID 16304 (C:\Users\cs023\OneDrive\Escritorio\U7\Progra Avanzada\Proyecto1\Proyecto1\target\Proyecto1-0.0.1-SNAPSHOT.jar started by cs023 in C:\Users\cs023\OneDrive\Escritorio\U7\Progra Avanzada\Proyecto1\Proyecto1)
2026-10-06 20:03:08 DEBUG 16304 --- [main] c.e.Proyecto1.Proyecto1Application       : Running with Spring Boot v4.1.1, Spring v7.0.9
2026-10-06 20:03:08  INFO 16304 --- [main] c.e.Proyecto1.Proyecto1Application       : The following 1 profile is active: "dev"
2026-10-06 20:03:10  INFO 16304 --- [main] .s.d.r.c.RepositoryConfigurationDelegate : Bootstrapping Spring Data JPA repositories in DEFAULT mode.
2026-10-06 20:03:10  INFO 16304 --- [main] .s.d.r.c.RepositoryConfigurationDelegate : Finished Spring Data repository scanning in 16 ms. Found 0 JPA repository interfaces.
2026-10-06 20:03:11  INFO 16304 --- [main] o.s.boot.tomcat.TomcatWebServer          : Tomcat initialized with port 8080 (http)
2026-10-06 20:03:11  INFO 16304 --- [main] o.apache.catalina.core.StandardService   : Starting service [Tomcat]
2026-10-06 20:03:11  INFO 16304 --- [main] o.apache.catalina.core.StandardEngine    : Starting Servlet engine: [Apache Tomcat/11.0.24]
2026-10-06 20:03:11  INFO 16304 --- [main] b.w.c.s.WebApplicationContextInitializer : Root WebApplicationContext: initialization completed in 2486 ms
2026-10-06 20:03:12  INFO 16304 --- [main] org.hibernate.orm.jpa                    : HHH008540: Processing PersistenceUnitInfo [name: default]
2026-10-06 20:03:12  INFO 16304 --- [main] org.hibernate.orm.core                   : HHH000001: Hibernate ORM core version 7.4.5.Final
2026-10-06 20:03:13  INFO 16304 --- [main] o.s.o.j.p.SpringPersistenceUnitInfo      : No LoadTimeWeaver setup: ignoring JPA class transformer
2026-10-06 20:03:13  INFO 16304 --- [main] com.zaxxer.hikari.HikariDataSource       : HikariPool-1 - Starting...
2026-10-06 20:03:13  INFO 16304 --- [main] com.zaxxer.hikari.pool.HikariPool        : HikariPool-1 - Added connection conn0: url=jdbc:h2:mem:inventario user=SA
2026-10-06 20:03:13  INFO 16304 --- [main] com.zaxxer.hikari.HikariDataSource       : HikariPool-1 - Start completed.
2026-10-06 20:03:13  INFO 16304 --- [main] org.hibernate.orm.connections.pooling    : HHH10001005: Database info:
	Database JDBC URL [jdbc:h2:mem:inventario]
	Database driver: H2 JDBC Driver
	Database dialect: H2Dialect
	Database version: 2.4.240
	Default catalog/schema: INVENTARIO/PUBLIC
	Autocommit mode: undefined/unknown
	Isolation level: READ_COMMITTED [default READ_COMMITTED]
	JDBC fetch size: 100
	Pool: DataSourceConnectionProvider
	Minimum pool size: undefined/unknown
	Maximum pool size: undefined/unknown
2026-10-06 20:03:14  INFO 16304 --- [main] org.hibernate.orm.core                   : HHH000489: No JTA platform available (set 'hibernate.transaction.jta.platform' to enable JTA platform integration)
2026-10-06 20:03:14  INFO 16304 --- [main] j.LocalContainerEntityManagerFactoryBean : Initialized JPA EntityManagerFactory for persistence unit 'default'
2026-10-06 20:03:14  WARN 16304 --- [main] JpaBaseConfiguration$JpaWebConfiguration : spring.jpa.open-in-view is enabled by default. Therefore, database queries may be performed during view rendering. Explicitly configure spring.jpa.open-in-view to disable this warning
2026-10-06 20:03:15  INFO 16304 --- [main] o.s.b.a.e.web.EndpointLinksResolver      : Exposing 1 endpoint beneath base path '/actuator'
2026-10-06 20:03:15  INFO 16304 --- [main] o.s.boot.tomcat.TomcatWebServer          : Tomcat started on port 8080 (http) with context path '/'
2026-10-06 20:03:15  INFO 16304 --- [main] c.e.Proyecto1.Proyecto1Application       : Started Proyecto1Application in 7.505 seconds (process running for 8.345)
2026-10-06 20:03:15  INFO 16304 --- [http-nio-8080-exec-1] o.a.c.c.C.[Tomcat].[localhost].[/]       : Initializing Spring DispatcherServlet 'dispatcherServlet'
2026-10-06 20:03:15  INFO 16304 --- [http-nio-8080-exec-1] o.s.web.servlet.DispatcherServlet        : Initializing Servlet 'dispatcherServlet'
2026-10-06 20:03:15  INFO 16304 --- [http-nio-8080-exec-1] o.s.web.servlet.DispatcherServlet        : Completed initialization in 5 ms
